# chant run list
# on a copy of examples/getting-started; see test/level0-goldens/harness.ts for what is normalised
exit: 0

--- wrote (empty)

--- stdout
NAME                      PHASES  DEPENDS             OVERVIEW
apply                     3       —                   Apply declared source to the loca...
deploy-gated              3       —                   Build, pause for human approval, ...
deploy                    2       —                   Build the getting-started manifes...
observe                   2       —                   Periodically snapshot and diff th...
reconcile                 3       —                   Reconcile the local environment i...

--- stderr (empty)
